[Wed Apr 22 12:23:28 PM EDT 2026] start-engine.sh started
[Wed Apr 22 12:23:29 PM EDT 2026] No pending commands found
[Wed Apr 22 12:27:09 PM EDT 2026] start-engine.sh started
[Wed Apr 22 12:27:09 PM EDT 2026] Running id=mariadb from 11.0.6-MariaDB, client 15.2 for debian-linux-gnu (x86_64) using  EditLine wrapper command: 
[Wed Apr 22 12:27:09 PM EDT 2026] SUCCESS id=mariadb from 11.0.6-MariaDB, client 15.2 for debian-linux-gnu (x86_64) using  EditLine wrapper

[Wed Apr 22 12:27:10 PM EDT 2026] start-engine.sh finished
[Wed Apr 22 12:31:59 PM EDT 2026] start-engine.sh started
[Wed Apr 22 12:31:59 PM EDT 2026] Running id=1 command: echo hello world
[Wed Apr 22 12:31:59 PM EDT 2026] SUCCESS id=1
hello world
[Wed Apr 22 12:31:59 PM EDT 2026] start-engine.sh finished
[Wed Apr 22 12:35:17 PM EDT 2026] start-engine.sh started
[Wed Apr 22 12:35:17 PM EDT 2026] Running id=1 command: echo hello world
[Wed Apr 22 12:35:17 PM EDT 2026] SUCCESS id=1
hello world
[Wed Apr 22 12:35:18 PM EDT 2026] start-engine.sh finished
[Wed Apr 22 12:45:34 PM EDT 2026] start-engine.sh started
[Wed Apr 22 12:45:34 PM EDT 2026] Running id=1 command: echo hello world
[Wed Apr 22 12:45:34 PM EDT 2026] SUCCESS id=1
hello world
[Wed Apr 22 12:45:34 PM EDT 2026] start-engine.sh finished
[Wed Apr 22 12:47:35 PM EDT 2026] start-engine.sh started
[Wed Apr 22 12:47:35 PM EDT 2026] Running id=2 command: fakecommand123
[Wed Apr 22 12:47:35 PM EDT 2026] ERROR id=2
bash: line 1: fakecommand123: command not found
[Wed Apr 22 12:47:36 PM EDT 2026] start-engine.sh finished
